2026-07-29 23:36:23,075 - aqt.main - INFO - installer 132375561691264 aqtinstall(aqt) v3.3.0 on Python 3.12.3 [CPython GCC 13.3.0]
2026-07-29 23:36:23,076 - aqt.helper - DEBUG - helper 132375561691264 Attempt to download checksum at https://download.qt.io/online/qtsdkrepository/linux_x64/desktop/qt6_683/qt6_683/Updates.xml.sha256
2026-07-29 23:36:31,320 - aqt.helper - DEBUG - helper 132375561691264 Attempt to download checksum at https://download.qt.io/online/qtsdkrepository/linux_x64/extensions/qtwebengine/683/x86_64/Updates.xml.sha256
2026-07-29 23:36:48,813 - aqt.archives - INFO - archives 132375561691264 Found extension qtwebengine
2026-07-29 23:36:48,814 - aqt.helper - DEBUG - helper 132375561691264 Attempt to download checksum at https://download.qt.io/online/qtsdkrepository/linux_x64/extensions/qtpdf/683/x86_64/Updates.xml.sha256
2026-07-29 23:37:10,859 - aqt.archives - INFO - archives 132375561691264 Found extension qtpdf
2026-07-29 23:37:11,172 - aqt.helper - DEBUG - helper 125435275161728 Attempt to download checksum at https://download.qt.io/online/qtsdkrepository/linux_x64/desktop/qt6_683/qt6_683/qt.qt6.683.linux_gcc_64/6.8.3-0-202503201345qtbase-Linux-RHEL_8_10-GCC-Linux-RHEL_8_10-X86_64.7z.sha256
2026-07-29 23:37:11,250 - aqt.helper - DEBUG - helper 130484449403008 Attempt to download checksum at https://download.qt.io/online/qtsdkrepository/linux_x64/desktop/qt6_683/qt6_683/qt.qt6.683.linux_gcc_64/6.8.3-0-202503201345qtsvg-Linux-RHEL_8_10-GCC-Linux-RHEL_8_10-X86_64.7z.sha256
2026-07-29 23:37:11,252 - aqt.helper - DEBUG - helper 129726981386368 Attempt to download checksum at https://download.qt.io/online/qtsdkrepository/linux_x64/desktop/qt6_683/qt6_683/qt.qt6.683.linux_gcc_64/6.8.3-0-202503201345qttools-Linux-RHEL_8_10-GCC-Linux-RHEL_8_10-X86_64.7z.sha256
2026-07-29 23:37:11,252 - aqt.helper - DEBUG - helper 123496133369984 Attempt to download checksum at https://download.qt.io/online/qtsdkrepository/linux_x64/desktop/qt6_683/qt6_683/qt.qt6.683.linux_gcc_64/6.8.3-0-202503201345qtdeclarative-Linux-RHEL_8_10-GCC-Linux-RHEL_8_10-X86_64.7z.sha256
2026-07-29 23:37:12,139 - aqt.helper - INFO - helper 125435275161728 Downloading qtbase...
2026-07-29 23:37:12,139 - aqt.installer - DEBUG - installer 125435275161728 Download URL: https://download.qt.io/online/qtsdkrepository/linux_x64/desktop/qt6_683/qt6_683/qt.qt6.683.linux_gcc_64/6.8.3-0-202503201345qtbase-Linux-RHEL_8_10-GCC-Linux-RHEL_8_10-X86_64.7z
2026-07-29 23:37:12,189 - aqt.helper - INFO - helper 123496133369984 Downloading qtdeclarative...
2026-07-29 23:37:12,194 - aqt.installer - DEBUG - installer 123496133369984 Download URL: https://download.qt.io/online/qtsdkrepository/linux_x64/desktop/qt6_683/qt6_683/qt.qt6.683.linux_gcc_64/6.8.3-0-202503201345qtdeclarative-Linux-RHEL_8_10-GCC-Linux-RHEL_8_10-X86_64.7z
2026-07-29 23:37:12,219 - aqt.helper - INFO - helper 129726981386368 Downloading qttools...
2026-07-29 23:37:12,219 - aqt.installer - DEBUG - installer 129726981386368 Download URL: https://download.qt.io/online/qtsdkrepository/linux_x64/desktop/qt6_683/qt6_683/qt.qt6.683.linux_gcc_64/6.8.3-0-202503201345qttools-Linux-RHEL_8_10-GCC-Linux-RHEL_8_10-X86_64.7z
2026-07-29 23:37:12,223 - aqt.helper - INFO - helper 130484449403008 Downloading qtsvg...
2026-07-29 23:37:12,231 - aqt.installer - DEBUG - installer 130484449403008 Download URL: https://download.qt.io/online/qtsdkrepository/linux_x64/desktop/qt6_683/qt6_683/qt.qt6.683.linux_gcc_64/6.8.3-0-202503201345qtsvg-Linux-RHEL_8_10-GCC-Linux-RHEL_8_10-X86_64.7z
2026-07-29 23:37:14,417 - aqt.helper - DEBUG - helper 130484449403008 Asked to redirect(302) to: https://qt.mirror.constant.com/online/qtsdkrepository/linux_x64/desktop/qt6_683/qt6_683/qt.qt6.683.linux_gcc_64/6.8.3-0-202503201345qtsvg-Linux-RHEL_8_10-GCC-Linux-RHEL_8_10-X86_64.7z
2026-07-29 23:37:14,417 - aqt.helper - INFO - helper 130484449403008 Redirected: qt.mirror.constant.com
2026-07-29 23:37:14,623 - aqt.helper - DEBUG - helper 129726981386368 Asked to redirect(302) to: https://qt.mirror.constant.com/online/qtsdkrepository/linux_x64/desktop/qt6_683/qt6_683/qt.qt6.683.linux_gcc_64/6.8.3-0-202503201345qttools-Linux-RHEL_8_10-GCC-Linux-RHEL_8_10-X86_64.7z
2026-07-29 23:37:14,623 - aqt.helper - INFO - helper 129726981386368 Redirected: qt.mirror.constant.com
2026-07-29 23:37:14,744 - aqt.helper - DEBUG - helper 125435275161728 Asked to redirect(302) to: https://qt.mirror.constant.com/online/qtsdkrepository/linux_x64/desktop/qt6_683/qt6_683/qt.qt6.683.linux_gcc_64/6.8.3-0-202503201345qtbase-Linux-RHEL_8_10-GCC-Linux-RHEL_8_10-X86_64.7z
2026-07-29 23:37:14,744 - aqt.helper - INFO - helper 125435275161728 Redirected: qt.mirror.constant.com
2026-07-29 23:37:15,382 - aqt.installer - INFO - installer 130484449403008 Finished installation of qtsvg-Linux-RHEL_8_10-GCC-Linux-RHEL_8_10-X86_64.7z in 4.13495223
2026-07-29 23:37:15,412 - aqt.helper - DEBUG - helper 130484449403008 Attempt to download checksum at https://download.qt.io/online/qtsdkrepository/linux_x64/desktop/qt6_683/qt6_683/qt.qt6.683.linux_gcc_64/6.8.3-0-202503201345qttranslations-Linux-RHEL_8_10-GCC-Linux-RHEL_8_10-X86_64.7z.sha256
2026-07-29 23:37:16,880 - aqt.helper - INFO - helper 130484449403008 Downloading qttranslations...
2026-07-29 23:37:16,880 - aqt.installer - DEBUG - installer 130484449403008 Download URL: https://download.qt.io/online/qtsdkrepository/linux_x64/desktop/qt6_683/qt6_683/qt.qt6.683.linux_gcc_64/6.8.3-0-202503201345qttranslations-Linux-RHEL_8_10-GCC-Linux-RHEL_8_10-X86_64.7z
2026-07-29 23:37:19,472 - aqt.helper - DEBUG - helper 130484449403008 Asked to redirect(302) to: https://qt.mirror.constant.com/online/qtsdkrepository/linux_x64/desktop/qt6_683/qt6_683/qt.qt6.683.linux_gcc_64/6.8.3-0-202503201345qttranslations-Linux-RHEL_8_10-GCC-Linux-RHEL_8_10-X86_64.7z
2026-07-29 23:37:19,472 - aqt.helper - INFO - helper 130484449403008 Redirected: qt.mirror.constant.com
2026-07-29 23:37:29,167 - aqt.helper - DEBUG - helper 123496133369984 Asked to redirect(302) to: https://qt.mirror.constant.com/online/qtsdkrepository/linux_x64/desktop/qt6_683/qt6_683/qt.qt6.683.linux_gcc_64/6.8.3-0-202503201345qtdeclarative-Linux-RHEL_8_10-GCC-Linux-RHEL_8_10-X86_64.7z
2026-07-29 23:37:29,167 - aqt.helper - INFO - helper 123496133369984 Redirected: qt.mirror.constant.com
2026-07-29 23:37:34,036 - aqt.installer - INFO - installer 130484449403008 Finished installation of qttranslations-Linux-RHEL_8_10-GCC-Linux-RHEL_8_10-X86_64.7z in 18.62708400
2026-07-29 23:37:34,058 - aqt.helper - DEBUG - helper 130484449403008 Attempt to download checksum at https://download.qt.io/online/qtsdkrepository/linux_x64/desktop/qt6_683/qt6_683/qt.qt6.683.linux_gcc_64/6.8.3-0-202503201345qtwayland-Linux-RHEL_8_10-GCC-Linux-RHEL_8_10-X86_64.7z.sha256
2026-07-29 23:37:42,289 - aqt.helper - INFO - helper 130484449403008 Downloading qtwayland...
2026-07-29 23:37:42,290 - aqt.installer - DEBUG - installer 130484449403008 Download URL: https://download.qt.io/online/qtsdkrepository/linux_x64/desktop/qt6_683/qt6_683/qt.qt6.683.linux_gcc_64/6.8.3-0-202503201345qtwayland-Linux-RHEL_8_10-GCC-Linux-RHEL_8_10-X86_64.7z
2026-07-29 23:37:44,027 - aqt.helper - DEBUG - helper 130484449403008 Asked to redirect(302) to: https://qt.mirror.constant.com/online/qtsdkrepository/linux_x64/desktop/qt6_683/qt6_683/qt.qt6.683.linux_gcc_64/6.8.3-0-202503201345qtwayland-Linux-RHEL_8_10-GCC-Linux-RHEL_8_10-X86_64.7z
2026-07-29 23:37:44,028 - aqt.helper - INFO - helper 130484449403008 Redirected: qt.mirror.constant.com
2026-07-29 23:37:46,358 - aqt.installer - INFO - installer 130484449403008 Finished installation of qtwayland-Linux-RHEL_8_10-GCC-Linux-RHEL_8_10-X86_64.7z in 12.30269335
2026-07-29 23:37:46,385 - aqt.helper - DEBUG - helper 130484449403008 Attempt to download checksum at https://download.qt.io/online/qtsdkrepository/linux_x64/desktop/qt6_683/qt6_683/qt.qt6.683.linux_gcc_64/6.8.3-0-202503201345icu-linux-Rhel8.6-x86_64.7z.sha256
2026-07-29 23:37:47,428 - aqt.installer - INFO - installer 129726981386368 Finished installation of qttools-Linux-RHEL_8_10-GCC-Linux-RHEL_8_10-X86_64.7z in 36.17704220
2026-07-29 23:37:49,151 - aqt.installer - INFO - installer 125435275161728 Finished installation of qtbase-Linux-RHEL_8_10-GCC-Linux-RHEL_8_10-X86_64.7z in 37.98122167
2026-07-29 23:37:53,505 - aqt.helper - INFO - helper 130484449403008 Downloading icu...
2026-07-29 23:37:53,505 - aqt.installer - DEBUG - installer 130484449403008 Download URL: https://download.qt.io/online/qtsdkrepository/linux_x64/desktop/qt6_683/qt6_683/qt.qt6.683.linux_gcc_64/6.8.3-0-202503201345icu-linux-Rhel8.6-x86_64.7z
2026-07-29 23:37:57,377 - aqt.helper - DEBUG - helper 130484449403008 Asked to redirect(302) to: https://qt.mirror.constant.com/online/qtsdkrepository/linux_x64/desktop/qt6_683/qt6_683/qt.qt6.683.linux_gcc_64/6.8.3-0-202503201345icu-linux-Rhel8.6-x86_64.7z
2026-07-29 23:37:57,377 - aqt.helper - INFO - helper 130484449403008 Redirected: qt.mirror.constant.com
2026-07-29 23:38:15,386 - aqt.installer - INFO - installer 130484449403008 Finished installation of icu-linux-Rhel8.6-x86_64.7z in 29.00230897
2026-07-29 23:39:00,448 - aqt.installer - INFO - installer 123496133369984 Finished installation of qtdeclarative-Linux-RHEL_8_10-GCC-Linux-RHEL_8_10-X86_64.7z in 109.19767817
2026-07-29 23:39:00,729 - aqt.updater - INFO - updater 132375561691264 Patching /home/gui-rocha/trabalho_cleber/Sistema-de-Monitoramento-e-Assist-ncia-ao-combate-Leptospirose/6.8.3/gcc_64/bin/qmake
2026-07-29 23:39:00,735 - aqt.updater - INFO - updater 132375561691264 Patching /home/gui-rocha/trabalho_cleber/Sistema-de-Monitoramento-e-Assist-ncia-ao-combate-Leptospirose/6.8.3/gcc_64/lib/pkgconfig/Qt6QuickControls2UniversalStyleImpl.pc
2026-07-29 23:39:00,736 - aqt.updater - INFO - updater 132375561691264 Patching /home/gui-rocha/trabalho_cleber/Sistema-de-Monitoramento-e-Assist-ncia-ao-combate-Leptospirose/6.8.3/gcc_64/lib/pkgconfig/Qt6QmlWorkerScript.pc
2026-07-29 23:39:00,737 - aqt.updater - INFO - updater 132375561691264 Patching /home/gui-rocha/trabalho_cleber/Sistema-de-Monitoramento-e-Assist-ncia-ao-combate-Leptospirose/6.8.3/gcc_64/lib/pkgconfig/Qt6Sql.pc
2026-07-29 23:39:00,737 - aqt.updater - INFO - updater 132375561691264 Patching /home/gui-rocha/trabalho_cleber/Sistema-de-Monitoramento-e-Assist-ncia-ao-combate-Leptospirose/6.8.3/gcc_64/lib/pkgconfig/Qt6Test.pc
2026-07-29 23:39:00,738 - aqt.updater - INFO - updater 132375561691264 Patching /home/gui-rocha/trabalho_cleber/Sistema-de-Monitoramento-e-Assist-ncia-ao-combate-Leptospirose/6.8.3/gcc_64/lib/pkgconfig/Qt6QuickControls2MaterialStyleImpl.pc
2026-07-29 23:39:00,738 - aqt.updater - INFO - updater 132375561691264 Patching /home/gui-rocha/trabalho_cleber/Sistema-de-Monitoramento-e-Assist-ncia-ao-combate-Leptospirose/6.8.3/gcc_64/lib/pkgconfig/Qt6Svg.pc
2026-07-29 23:39:00,739 - aqt.updater - INFO - updater 132375561691264 Patching /home/gui-rocha/trabalho_cleber/Sistema-de-Monitoramento-e-Assist-ncia-ao-combate-Leptospirose/6.8.3/gcc_64/lib/pkgconfig/Qt6Platform.pc
2026-07-29 23:39:00,739 - aqt.updater - INFO - updater 132375561691264 Patching /home/gui-rocha/trabalho_cleber/Sistema-de-Monitoramento-e-Assist-ncia-ao-combate-Leptospirose/6.8.3/gcc_64/lib/pkgconfig/Qt6Xml.pc
2026-07-29 23:39:00,740 - aqt.updater - INFO - updater 132375561691264 Patching /home/gui-rocha/trabalho_cleber/Sistema-de-Monitoramento-e-Assist-ncia-ao-combate-Leptospirose/6.8.3/gcc_64/lib/pkgconfig/Qt6Gui.pc
2026-07-29 23:39:00,740 - aqt.updater - INFO - updater 132375561691264 Patching /home/gui-rocha/trabalho_cleber/Sistema-de-Monitoramento-e-Assist-ncia-ao-combate-Leptospirose/6.8.3/gcc_64/lib/pkgconfig/Qt6QuickDialogs2Utils.pc
2026-07-29 23:39:00,740 - aqt.updater - INFO - updater 132375561691264 Patching /home/gui-rocha/trabalho_cleber/Sistema-de-Monitoramento-e-Assist-ncia-ao-combate-Leptospirose/6.8.3/gcc_64/lib/pkgconfig/Qt6DBus.pc
2026-07-29 23:39:00,741 - aqt.updater - INFO - updater 132375561691264 Patching /home/gui-rocha/trabalho_cleber/Sistema-de-Monitoramento-e-Assist-ncia-ao-combate-Leptospirose/6.8.3/gcc_64/lib/pkgconfig/Qt6QuickControls2Impl.pc
2026-07-29 23:39:00,741 - aqt.updater - INFO - updater 132375561691264 Patching /home/gui-rocha/trabalho_cleber/Sistema-de-Monitoramento-e-Assist-ncia-ao-combate-Leptospirose/6.8.3/gcc_64/lib/pkgconfig/Qt6UiTools.pc
2026-07-29 23:39:00,742 - aqt.updater - INFO - updater 132375561691264 Patching /home/gui-rocha/trabalho_cleber/Sistema-de-Monitoramento-e-Assist-ncia-ao-combate-Leptospirose/6.8.3/gcc_64/lib/pkgconfig/Qt6UiPlugin.pc
2026-07-29 23:39:00,742 - aqt.updater - INFO - updater 132375561691264 Patching /home/gui-rocha/trabalho_cleber/Sistema-de-Monitoramento-e-Assist-ncia-ao-combate-Leptospirose/6.8.3/gcc_64/lib/pkgconfig/Qt6OpenGL.pc
2026-07-29 23:39:00,743 - aqt.updater - INFO - updater 132375561691264 Patching /home/gui-rocha/trabalho_cleber/Sistema-de-Monitoramento-e-Assist-ncia-ao-combate-Leptospirose/6.8.3/gcc_64/lib/pkgconfig/Qt6Linguist.pc
2026-07-29 23:39:00,743 - aqt.updater - INFO - updater 132375561691264 Patching /home/gui-rocha/trabalho_cleber/Sistema-de-Monitoramento-e-Assist-ncia-ao-combate-Leptospirose/6.8.3/gcc_64/lib/pkgconfig/Qt6QuickControls2Basic.pc
2026-07-29 23:39:00,743 - aqt.updater - INFO - updater 132375561691264 Patching /home/gui-rocha/trabalho_cleber/Sistema-de-Monitoramento-e-Assist-ncia-ao-combate-Leptospirose/6.8.3/gcc_64/lib/pkgconfig/Qt6LabsSettings.pc
2026-07-29 23:39:00,743 - aqt.updater - INFO - updater 132375561691264 Patching /home/gui-rocha/trabalho_cleber/Sistema-de-Monitoramento-e-Assist-ncia-ao-combate-Leptospirose/6.8.3/gcc_64/lib/pkgconfig/Qt6LabsWavefrontMesh.pc
2026-07-29 23:39:00,744 - aqt.updater - INFO - updater 132375561691264 Patching /home/gui-rocha/trabalho_cleber/Sistema-de-Monitoramento-e-Assist-ncia-ao-combate-Leptospirose/6.8.3/gcc_64/lib/pkgconfig/Qt6QuickControls2ImagineStyleImpl.pc
2026-07-29 23:39:00,744 - aqt.updater - INFO - updater 132375561691264 Patching /home/gui-rocha/trabalho_cleber/Sistema-de-Monitoramento-e-Assist-ncia-ao-combate-Leptospirose/6.8.3/gcc_64/lib/pkgconfig/Qt6Designer.pc
2026-07-29 23:39:00,744 - aqt.updater - INFO - updater 132375561691264 Patching /home/gui-rocha/trabalho_cleber/Sistema-de-Monitoramento-e-Assist-ncia-ao-combate-Leptospirose/6.8.3/gcc_64/lib/pkgconfig/Qt6QmlModels.pc
2026-07-29 23:39:00,744 - aqt.updater - INFO - updater 132375561691264 Patching /home/gui-rocha/trabalho_cleber/Sistema-de-Monitoramento-e-Assist-ncia-ao-combate-Leptospirose/6.8.3/gcc_64/lib/pkgconfig/Qt6QuickLayouts.pc
2026-07-29 23:39:00,744 - aqt.updater - INFO - updater 132375561691264 Patching /home/gui-rocha/trabalho_cleber/Sistema-de-Monitoramento-e-Assist-ncia-ao-combate-Leptospirose/6.8.3/gcc_64/lib/pkgconfig/Qt6QmlXmlListModel.pc
2026-07-29 23:39:00,744 - aqt.updater - INFO - updater 132375561691264 Patching /home/gui-rocha/trabalho_cleber/Sistema-de-Monitoramento-e-Assist-ncia-ao-combate-Leptospirose/6.8.3/gcc_64/lib/pkgconfig/Qt6QuickDialogs2QuickImpl.pc
2026-07-29 23:39:00,745 - aqt.updater - INFO - updater 132375561691264 Patching /home/gui-rocha/trabalho_cleber/Sistema-de-Monitoramento-e-Assist-ncia-ao-combate-Leptospirose/6.8.3/gcc_64/lib/pkgconfig/Qt6QmlCompiler.pc
2026-07-29 23:39:00,745 - aqt.updater - INFO - updater 132375561691264 Patching /home/gui-rocha/trabalho_cleber/Sistema-de-Monitoramento-e-Assist-ncia-ao-combate-Leptospirose/6.8.3/gcc_64/lib/pkgconfig/Qt6QmlAssetDownloader.pc
2026-07-29 23:39:00,745 - aqt.updater - INFO - updater 132375561691264 Patching /home/gui-rocha/trabalho_cleber/Sistema-de-Monitoramento-e-Assist-ncia-ao-combate-Leptospirose/6.8.3/gcc_64/lib/pkgconfig/Qt6SvgWidgets.pc
2026-07-29 23:39:00,745 - aqt.updater - INFO - updater 132375561691264 Patching /home/gui-rocha/trabalho_cleber/Sistema-de-Monitoramento-e-Assist-ncia-ao-combate-Leptospirose/6.8.3/gcc_64/lib/pkgconfig/Qt6QmlIntegration.pc
2026-07-29 23:39:00,745 - aqt.updater - INFO - updater 132375561691264 Patching /home/gui-rocha/trabalho_cleber/Sistema-de-Monitoramento-e-Assist-ncia-ao-combate-Leptospirose/6.8.3/gcc_64/lib/pkgconfig/Qt6LabsSharedImage.pc
2026-07-29 23:39:00,746 - aqt.updater - INFO - updater 132375561691264 Patching /home/gui-rocha/trabalho_cleber/Sistema-de-Monitoramento-e-Assist-ncia-ao-combate-Leptospirose/6.8.3/gcc_64/lib/pkgconfig/Qt6QmlLocalStorage.pc
2026-07-29 23:39:00,746 - aqt.updater - INFO - updater 132375561691264 Patching /home/gui-rocha/trabalho_cleber/Sistema-de-Monitoramento-e-Assist-ncia-ao-combate-Leptospirose/6.8.3/gcc_64/lib/pkgconfig/Qt6LabsPlatform.pc
2026-07-29 23:39:00,746 - aqt.updater - INFO - updater 132375561691264 Patching /home/gui-rocha/trabalho_cleber/Sistema-de-Monitoramento-e-Assist-ncia-ao-combate-Leptospirose/6.8.3/gcc_64/lib/pkgconfig/Qt6LabsFolderListModel.pc
2026-07-29 23:39:00,747 - aqt.updater - INFO - updater 132375561691264 Patching /home/gui-rocha/trabalho_cleber/Sistema-de-Monitoramento-e-Assist-ncia-ao-combate-Leptospirose/6.8.3/gcc_64/lib/pkgconfig/Qt6Help.pc
2026-07-29 23:39:00,747 - aqt.updater - INFO - updater 132375561691264 Patching /home/gui-rocha/trabalho_cleber/Sistema-de-Monitoramento-e-Assist-ncia-ao-combate-Leptospirose/6.8.3/gcc_64/lib/pkgconfig/Qt6QuickTest.pc
2026-07-29 23:39:00,747 - aqt.updater - INFO - updater 132375561691264 Patching /home/gui-rocha/trabalho_cleber/Sistema-de-Monitoramento-e-Assist-ncia-ao-combate-Leptospirose/6.8.3/gcc_64/lib/pkgconfig/Qt6Quick.pc
2026-07-29 23:39:00,747 - aqt.updater - INFO - updater 132375561691264 Patching /home/gui-rocha/trabalho_cleber/Sistema-de-Monitoramento-e-Assist-ncia-ao-combate-Leptospirose/6.8.3/gcc_64/lib/pkgconfig/Qt6QuickControls2.pc
2026-07-29 23:39:00,748 - aqt.updater - INFO - updater 132375561691264 Patching /home/gui-rocha/trabalho_cleber/Sistema-de-Monitoramento-e-Assist-ncia-ao-combate-Leptospirose/6.8.3/gcc_64/lib/pkgconfig/Qt6QmlNetwork.pc
2026-07-29 23:39:00,748 - aqt.updater - INFO - updater 132375561691264 Patching /home/gui-rocha/trabalho_cleber/Sistema-de-Monitoramento-e-Assist-ncia-ao-combate-Leptospirose/6.8.3/gcc_64/lib/pkgconfig/Qt6Widgets.pc
2026-07-29 23:39:00,748 - aqt.updater - INFO - updater 132375561691264 Patching /home/gui-rocha/trabalho_cleber/Sistema-de-Monitoramento-e-Assist-ncia-ao-combate-Leptospirose/6.8.3/gcc_64/lib/pkgconfig/Qt6QuickControls2FluentWinUI3StyleImpl.pc
2026-07-29 23:39:00,748 - aqt.updater - INFO - updater 132375561691264 Patching /home/gui-rocha/trabalho_cleber/Sistema-de-Monitoramento-e-Assist-ncia-ao-combate-Leptospirose/6.8.3/gcc_64/lib/pkgconfig/Qt6LabsAnimation.pc
2026-07-29 23:39:00,749 - aqt.updater - INFO - updater 132375561691264 Patching /home/gui-rocha/trabalho_cleber/Sistema-de-Monitoramento-e-Assist-ncia-ao-combate-Leptospirose/6.8.3/gcc_64/lib/pkgconfig/Qt6LabsQmlModels.pc
2026-07-29 23:39:00,749 - aqt.updater - INFO - updater 132375561691264 Patching /home/gui-rocha/trabalho_cleber/Sistema-de-Monitoramento-e-Assist-ncia-ao-combate-Leptospirose/6.8.3/gcc_64/lib/pkgconfig/Qt6QmlCore.pc
2026-07-29 23:39:00,749 - aqt.updater - INFO - updater 132375561691264 Patching /home/gui-rocha/trabalho_cleber/Sistema-de-Monitoramento-e-Assist-ncia-ao-combate-Leptospirose/6.8.3/gcc_64/lib/pkgconfig/Qt6WaylandClient.pc
2026-07-29 23:39:00,749 - aqt.updater - INFO - updater 132375561691264 Patching /home/gui-rocha/trabalho_cleber/Sistema-de-Monitoramento-e-Assist-ncia-ao-combate-Leptospirose/6.8.3/gcc_64/lib/pkgconfig/Qt6QuickControls2Fusion.pc
2026-07-29 23:39:00,749 - aqt.updater - INFO - updater 132375561691264 Patching /home/gui-rocha/trabalho_cleber/Sistema-de-Monitoramento-e-Assist-ncia-ao-combate-Leptospirose/6.8.3/gcc_64/lib/pkgconfig/Qt6OpenGLWidgets.pc
2026-07-29 23:39:00,750 - aqt.updater - INFO - updater 132375561691264 Patching /home/gui-rocha/trabalho_cleber/Sistema-de-Monitoramento-e-Assist-ncia-ao-combate-Leptospirose/6.8.3/gcc_64/lib/pkgconfig/Qt6QmlMeta.pc
2026-07-29 23:39:00,750 - aqt.updater - INFO - updater 132375561691264 Patching /home/gui-rocha/trabalho_cleber/Sistema-de-Monitoramento-e-Assist-ncia-ao-combate-Leptospirose/6.8.3/gcc_64/lib/pkgconfig/Qt6QuickControls2Universal.pc
2026-07-29 23:39:00,751 - aqt.updater - INFO - updater 132375561691264 Patching /home/gui-rocha/trabalho_cleber/Sistema-de-Monitoramento-e-Assist-ncia-ao-combate-Leptospirose/6.8.3/gcc_64/lib/pkgconfig/Qt6QuickControls2Material.pc
2026-07-29 23:39:00,751 - aqt.updater - INFO - updater 132375561691264 Patching /home/gui-rocha/trabalho_cleber/Sistema-de-Monitoramento-e-Assist-ncia-ao-combate-Leptospirose/6.8.3/gcc_64/lib/pkgconfig/Qt6QuickControls2FusionStyleImpl.pc
2026-07-29 23:39:00,752 - aqt.updater - INFO - updater 132375561691264 Patching /home/gui-rocha/trabalho_cleber/Sistema-de-Monitoramento-e-Assist-ncia-ao-combate-Leptospirose/6.8.3/gcc_64/lib/pkgconfig/Qt6QuickVectorImage.pc
2026-07-29 23:39:00,753 - aqt.updater - INFO - updater 132375561691264 Patching /home/gui-rocha/trabalho_cleber/Sistema-de-Monitoramento-e-Assist-ncia-ao-combate-Leptospirose/6.8.3/gcc_64/lib/pkgconfig/Qt6Concurrent.pc
2026-07-29 23:39:00,753 - aqt.updater - INFO - updater 132375561691264 Patching /home/gui-rocha/trabalho_cleber/Sistema-de-Monitoramento-e-Assist-ncia-ao-combate-Leptospirose/6.8.3/gcc_64/lib/pkgconfig/Qt6PrintSupport.pc
2026-07-29 23:39:00,754 - aqt.updater - INFO - updater 132375561691264 Patching /home/gui-rocha/trabalho_cleber/Sistema-de-Monitoramento-e-Assist-ncia-ao-combate-Leptospirose/6.8.3/gcc_64/lib/pkgconfig/Qt6QuickControls2Imagine.pc
2026-07-29 23:39:00,754 - aqt.updater - INFO - updater 132375561691264 Patching /home/gui-rocha/trabalho_cleber/Sistema-de-Monitoramento-e-Assist-ncia-ao-combate-Leptospirose/6.8.3/gcc_64/lib/pkgconfig/Qt6QuickTemplates2.pc
2026-07-29 23:39:00,755 - aqt.updater - INFO - updater 132375561691264 Patching /home/gui-rocha/trabalho_cleber/Sistema-de-Monitoramento-e-Assist-ncia-ao-combate-Leptospirose/6.8.3/gcc_64/lib/pkgconfig/Qt6Network.pc
2026-07-29 23:39:00,755 - aqt.updater - INFO - updater 132375561691264 Patching /home/gui-rocha/trabalho_cleber/Sistema-de-Monitoramento-e-Assist-ncia-ao-combate-Leptospirose/6.8.3/gcc_64/lib/pkgconfig/Qt6Qml.pc
2026-07-29 23:39:00,755 - aqt.updater - INFO - updater 132375561691264 Patching /home/gui-rocha/trabalho_cleber/Sistema-de-Monitoramento-e-Assist-ncia-ao-combate-Leptospirose/6.8.3/gcc_64/lib/pkgconfig/Qt6Core.pc
2026-07-29 23:39:00,756 - aqt.updater - INFO - updater 132375561691264 Patching /home/gui-rocha/trabalho_cleber/Sistema-de-Monitoramento-e-Assist-ncia-ao-combate-Leptospirose/6.8.3/gcc_64/lib/pkgconfig/Qt6QuickDialogs2.pc
2026-07-29 23:39:00,756 - aqt.updater - INFO - updater 132375561691264 Patching /home/gui-rocha/trabalho_cleber/Sistema-de-Monitoramento-e-Assist-ncia-ao-combate-Leptospirose/6.8.3/gcc_64/lib/pkgconfig/Qt6QuickWidgets.pc
2026-07-29 23:39:00,757 - aqt.updater - INFO - updater 132375561691264 Patching /home/gui-rocha/trabalho_cleber/Sistema-de-Monitoramento-e-Assist-ncia-ao-combate-Leptospirose/6.8.3/gcc_64/lib/pkgconfig/Qt6QuickControls2BasicStyleImpl.pc
2026-07-29 23:39:00,759 - aqt.updater - INFO - updater 132375561691264 Patching /home/gui-rocha/trabalho_cleber/Sistema-de-Monitoramento-e-Assist-ncia-ao-combate-Leptospirose/6.8.3/gcc_64/lib/libQt6ExampleIcons.prl
2026-07-29 23:39:00,760 - aqt.updater - INFO - updater 132375561691264 Patching /home/gui-rocha/trabalho_cleber/Sistema-de-Monitoramento-e-Assist-ncia-ao-combate-Leptospirose/6.8.3/gcc_64/lib/libQt6Network.prl
2026-07-29 23:39:00,760 - aqt.updater - INFO - updater 132375561691264 Patching /home/gui-rocha/trabalho_cleber/Sistema-de-Monitoramento-e-Assist-ncia-ao-combate-Leptospirose/6.8.3/gcc_64/lib/libQt6Concurrent.prl
2026-07-29 23:39:00,761 - aqt.updater - INFO - updater 132375561691264 Patching /home/gui-rocha/trabalho_cleber/Sistema-de-Monitoramento-e-Assist-ncia-ao-combate-Leptospirose/6.8.3/gcc_64/lib/libQt6Xml.prl
2026-07-29 23:39:00,761 - aqt.updater - INFO - updater 132375561691264 Patching /home/gui-rocha/trabalho_cleber/Sistema-de-Monitoramento-e-Assist-ncia-ao-combate-Leptospirose/6.8.3/gcc_64/lib/libQt6PrintSupport.prl
2026-07-29 23:39:00,762 - aqt.updater - INFO - updater 132375561691264 Patching /home/gui-rocha/trabalho_cleber/Sistema-de-Monitoramento-e-Assist-ncia-ao-combate-Leptospirose/6.8.3/gcc_64/lib/libQt6Test.prl
2026-07-29 23:39:00,763 - aqt.updater - INFO - updater 132375561691264 Patching /home/gui-rocha/trabalho_cleber/Sistema-de-Monitoramento-e-Assist-ncia-ao-combate-Leptospirose/6.8.3/gcc_64/lib/libQt6LabsWavefrontMesh.prl
2026-07-29 23:39:00,763 - aqt.updater - INFO - updater 132375561691264 Patching /home/gui-rocha/trabalho_cleber/Sistema-de-Monitoramento-e-Assist-ncia-ao-combate-Leptospirose/6.8.3/gcc_64/lib/libQt6QuickWidgets.prl
2026-07-29 23:39:00,763 - aqt.updater - INFO - updater 132375561691264 Patching /home/gui-rocha/trabalho_cleber/Sistema-de-Monitoramento-e-Assist-ncia-ao-combate-Leptospirose/6.8.3/gcc_64/lib/libQt6QmlLS.prl
2026-07-29 23:39:00,763 - aqt.updater - INFO - updater 132375561691264 Patching /home/gui-rocha/trabalho_cleber/Sistema-de-Monitoramento-e-Assist-ncia-ao-combate-Leptospirose/6.8.3/gcc_64/lib/libQt6QuickParticles.prl
2026-07-29 23:39:00,764 - aqt.updater - INFO - updater 132375561691264 Patching /home/gui-rocha/trabalho_cleber/Sistema-de-Monitoramento-e-Assist-ncia-ao-combate-Leptospirose/6.8.3/gcc_64/lib/libQt6OpenGLWidgets.prl
2026-07-29 23:39:00,764 - aqt.updater - INFO - updater 132375561691264 Patching /home/gui-rocha/trabalho_cleber/Sistema-de-Monitoramento-e-Assist-ncia-ao-combate-Leptospirose/6.8.3/gcc_64/lib/libQt6Designer.prl
2026-07-29 23:39:00,766 - aqt.updater - INFO - updater 132375561691264 Patching /home/gui-rocha/trabalho_cleber/Sistema-de-Monitoramento-e-Assist-ncia-ao-combate-Leptospirose/6.8.3/gcc_64/lib/libQt6Widgets.prl
2026-07-29 23:39:00,766 - aqt.updater - INFO - updater 132375561691264 Patching /home/gui-rocha/trabalho_cleber/Sistema-de-Monitoramento-e-Assist-ncia-ao-combate-Leptospirose/6.8.3/gcc_64/lib/libQt6QmlLocalStorage.prl
2026-07-29 23:39:00,766 - aqt.updater - INFO - updater 132375561691264 Patching /home/gui-rocha/trabalho_cleber/Sistema-de-Monitoramento-e-Assist-ncia-ao-combate-Leptospirose/6.8.3/gcc_64/lib/libQt6QuickTest.prl
2026-07-29 23:39:00,767 - aqt.updater - INFO - updater 132375561691264 Patching /home/gui-rocha/trabalho_cleber/Sistema-de-Monitoramento-e-Assist-ncia-ao-combate-Leptospirose/6.8.3/gcc_64/lib/libQt6QmlMeta.prl
2026-07-29 23:39:00,767 - aqt.updater - INFO - updater 132375561691264 Patching /home/gui-rocha/trabalho_cleber/Sistema-de-Monitoramento-e-Assist-ncia-ao-combate-Leptospirose/6.8.3/gcc_64/lib/libQt6QmlAssetDownloader.prl
2026-07-29 23:39:00,767 - aqt.updater - INFO - updater 132375561691264 Patching /home/gui-rocha/trabalho_cleber/Sistema-de-Monitoramento-e-Assist-ncia-ao-combate-Leptospirose/6.8.3/gcc_64/lib/libQt6QmlToolingSettings.prl
2026-07-29 23:39:00,767 - aqt.updater - INFO - updater 132375561691264 Patching /home/gui-rocha/trabalho_cleber/Sistema-de-Monitoramento-e-Assist-ncia-ao-combate-Leptospirose/6.8.3/gcc_64/lib/libQt6QuickControls2Impl.prl
2026-07-29 23:39:00,769 - aqt.updater - INFO - updater 132375561691264 Patching /home/gui-rocha/trabalho_cleber/Sistema-de-Monitoramento-e-Assist-ncia-ao-combate-Leptospirose/6.8.3/gcc_64/lib/libQt6QuickControls2Universal.prl
2026-07-29 23:39:00,772 - aqt.updater - INFO - updater 132375561691264 Patching /home/gui-rocha/trabalho_cleber/Sistema-de-Monitoramento-e-Assist-ncia-ao-combate-Leptospirose/6.8.3/gcc_64/lib/libQt6QuickControls2Imagine.prl
2026-07-29 23:39:00,772 - aqt.updater - INFO - updater 132375561691264 Patching /home/gui-rocha/trabalho_cleber/Sistema-de-Monitoramento-e-Assist-ncia-ao-combate-Leptospirose/6.8.3/gcc_64/lib/libQt6QuickTemplates2.prl
2026-07-29 23:39:00,773 - aqt.updater - INFO - updater 132375561691264 Patching /home/gui-rocha/trabalho_cleber/Sistema-de-Monitoramento-e-Assist-ncia-ao-combate-Leptospirose/6.8.3/gcc_64/lib/libQt6QuickControls2FluentWinUI3StyleImpl.prl
2026-07-29 23:39:00,773 - aqt.updater - INFO - updater 132375561691264 Patching /home/gui-rocha/trabalho_cleber/Sistema-de-Monitoramento-e-Assist-ncia-ao-combate-Leptospirose/6.8.3/gcc_64/lib/libQt6WaylandEglClientHwIntegration.prl
2026-07-29 23:39:00,774 - aqt.updater - INFO - updater 132375561691264 Patching /home/gui-rocha/trabalho_cleber/Sistema-de-Monitoramento-e-Assist-ncia-ao-combate-Leptospirose/6.8.3/gcc_64/lib/libQt6DeviceDiscoverySupport.prl
2026-07-29 23:39:00,775 - aqt.updater - INFO - updater 132375561691264 Patching /home/gui-rocha/trabalho_cleber/Sistema-de-Monitoramento-e-Assist-ncia-ao-combate-Leptospirose/6.8.3/gcc_64/lib/libQt6QmlModels.prl
2026-07-29 23:39:00,775 - aqt.updater - INFO - updater 132375561691264 Patching /home/gui-rocha/trabalho_cleber/Sistema-de-Monitoramento-e-Assist-ncia-ao-combate-Leptospirose/6.8.3/gcc_64/lib/libQt6Qml.prl
2026-07-29 23:39:00,775 - aqt.updater - INFO - updater 132375561691264 Patching /home/gui-rocha/trabalho_cleber/Sistema-de-Monitoramento-e-Assist-ncia-ao-combate-Leptospirose/6.8.3/gcc_64/lib/libQt6KmsSupport.prl
2026-07-29 23:39:00,776 - aqt.updater - INFO - updater 132375561691264 Patching /home/gui-rocha/trabalho_cleber/Sistema-de-Monitoramento-e-Assist-ncia-ao-combate-Leptospirose/6.8.3/gcc_64/lib/libQt6QuickTestUtils.prl
2026-07-29 23:39:00,776 - aqt.updater - INFO - updater 132375561691264 Patching /home/gui-rocha/trabalho_cleber/Sistema-de-Monitoramento-e-Assist-ncia-ao-combate-Leptospirose/6.8.3/gcc_64/lib/libQt6LabsFolderListModel.prl
2026-07-29 23:39:00,776 - aqt.updater - INFO - updater 132375561691264 Patching /home/gui-rocha/trabalho_cleber/Sistema-de-Monitoramento-e-Assist-ncia-ao-combate-Leptospirose/6.8.3/gcc_64/lib/libQt6QuickDialogs2.prl
2026-07-29 23:39:00,777 - aqt.updater - INFO - updater 132375561691264 Patching /home/gui-rocha/trabalho_cleber/Sistema-de-Monitoramento-e-Assist-ncia-ao-combate-Leptospirose/6.8.3/gcc_64/lib/libQt6LabsAnimation.prl
2026-07-29 23:39:00,777 - aqt.updater - INFO - updater 132375561691264 Patching /home/gui-rocha/trabalho_cleber/Sistema-de-Monitoramento-e-Assist-ncia-ao-combate-Leptospirose/6.8.3/gcc_64/lib/libQt6ExamplesAssetDownloader.prl
2026-07-29 23:39:00,777 - aqt.updater - INFO - updater 132375561691264 Patching /home/gui-rocha/trabalho_cleber/Sistema-de-Monitoramento-e-Assist-ncia-ao-combate-Leptospirose/6.8.3/gcc_64/lib/libQt6DBus.prl
2026-07-29 23:39:00,778 - aqt.updater - INFO - updater 132375561691264 Patching /home/gui-rocha/trabalho_cleber/Sistema-de-Monitoramento-e-Assist-ncia-ao-combate-Leptospirose/6.8.3/gcc_64/lib/libQt6QuickShapes.prl
2026-07-29 23:39:00,778 - aqt.updater - INFO - updater 132375561691264 Patching /home/gui-rocha/trabalho_cleber/Sistema-de-Monitoramento-e-Assist-ncia-ao-combate-Leptospirose/6.8.3/gcc_64/lib/libQt6QuickDialogs2QuickImpl.prl
2026-07-29 23:39:00,778 - aqt.updater - INFO - updater 132375561691264 Patching /home/gui-rocha/trabalho_cleber/Sistema-de-Monitoramento-e-Assist-ncia-ao-combate-Leptospirose/6.8.3/gcc_64/lib/libQt6LabsPlatform.prl
2026-07-29 23:39:00,778 - aqt.updater - INFO - updater 132375561691264 Patching /home/gui-rocha/trabalho_cleber/Sistema-de-Monitoramento-e-Assist-ncia-ao-combate-Leptospirose/6.8.3/gcc_64/lib/libQt6QuickControls2Fusion.prl
2026-07-29 23:39:00,778 - aqt.updater - INFO - updater 132375561691264 Patching /home/gui-rocha/trabalho_cleber/Sistema-de-Monitoramento-e-Assist-ncia-ao-combate-Leptospirose/6.8.3/gcc_64/lib/libQt6QuickLayouts.prl
2026-07-29 23:39:00,779 - aqt.updater - INFO - updater 132375561691264 Patching /home/gui-rocha/trabalho_cleber/Sistema-de-Monitoramento-e-Assist-ncia-ao-combate-Leptospirose/6.8.3/gcc_64/lib/libQt6QuickControlsTestUtils.prl
2026-07-29 23:39:00,779 - aqt.updater - INFO - updater 132375561691264 Patching /home/gui-rocha/trabalho_cleber/Sistema-de-Monitoramento-e-Assist-ncia-ao-combate-Leptospirose/6.8.3/gcc_64/lib/libQt6LabsSettings.prl
2026-07-29 23:39:00,779 - aqt.updater - INFO - updater 132375561691264 Patching /home/gui-rocha/trabalho_cleber/Sistema-de-Monitoramento-e-Assist-ncia-ao-combate-Leptospirose/6.8.3/gcc_64/lib/libQt6QmlXmlListModel.prl
2026-07-29 23:39:00,779 - aqt.updater - INFO - updater 132375561691264 Patching /home/gui-rocha/trabalho_cleber/Sistema-de-Monitoramento-e-Assist-ncia-ao-combate-Leptospirose/6.8.3/gcc_64/lib/libQt6QmlWorkerScript.prl
2026-07-29 23:39:00,779 - aqt.updater - INFO - updater 132375561691264 Patching /home/gui-rocha/trabalho_cleber/Sistema-de-Monitoramento-e-Assist-ncia-ao-combate-Leptospirose/6.8.3/gcc_64/lib/libQt6QuickControls2BasicStyleImpl.prl
2026-07-29 23:39:00,779 - aqt.updater - INFO - updater 132375561691264 Patching /home/gui-rocha/trabalho_cleber/Sistema-de-Monitoramento-e-Assist-ncia-ao-combate-Leptospirose/6.8.3/gcc_64/lib/libQt6SvgWidgets.prl
2026-07-29 23:39:00,780 - aqt.updater - INFO - updater 132375561691264 Patching /home/gui-rocha/trabalho_cleber/Sistema-de-Monitoramento-e-Assist-ncia-ao-combate-Leptospirose/6.8.3/gcc_64/lib/libQt6DesignerComponents.prl
2026-07-29 23:39:00,780 - aqt.updater - INFO - updater 132375561691264 Patching /home/gui-rocha/trabalho_cleber/Sistema-de-Monitoramento-e-Assist-ncia-ao-combate-Leptospirose/6.8.3/gcc_64/lib/libQt6QuickControls2Basic.prl
2026-07-29 23:39:00,781 - aqt.updater - INFO - updater 132375561691264 Patching /home/gui-rocha/trabalho_cleber/Sistema-de-Monitoramento-e-Assist-ncia-ao-combate-Leptospirose/6.8.3/gcc_64/lib/libQt6QuickVectorImage.prl
2026-07-29 23:39:00,781 - aqt.updater - INFO - updater 132375561691264 Patching /home/gui-rocha/trabalho_cleber/Sistema-de-Monitoramento-e-Assist-ncia-ao-combate-Leptospirose/6.8.3/gcc_64/lib/libQt6XcbQpa.prl
2026-07-29 23:39:00,781 - aqt.updater - INFO - updater 132375561691264 Patching /home/gui-rocha/trabalho_cleber/Sistema-de-Monitoramento-e-Assist-ncia-ao-combate-Leptospirose/6.8.3/gcc_64/lib/libQt6UiTools.prl
2026-07-29 23:39:00,782 - aqt.updater - INFO - updater 132375561691264 Patching /home/gui-rocha/trabalho_cleber/Sistema-de-Monitoramento-e-Assist-ncia-ao-combate-Leptospirose/6.8.3/gcc_64/lib/libQt6Gui.prl
2026-07-29 23:39:00,782 - aqt.updater - INFO - updater 132375561691264 Patching /home/gui-rocha/trabalho_cleber/Sistema-de-Monitoramento-e-Assist-ncia-ao-combate-Leptospirose/6.8.3/gcc_64/lib/libQt6QuickControls2ImagineStyleImpl.prl
2026-07-29 23:39:00,783 - aqt.updater - INFO - updater 132375561691264 Patching /home/gui-rocha/trabalho_cleber/Sistema-de-Monitoramento-e-Assist-ncia-ao-combate-Leptospirose/6.8.3/gcc_64/lib/libQt6PacketProtocol.prl
2026-07-29 23:39:00,783 - aqt.updater - INFO - updater 132375561691264 Patching /home/gui-rocha/trabalho_cleber/Sistema-de-Monitoramento-e-Assist-ncia-ao-combate-Leptospirose/6.8.3/gcc_64/lib/libQt6LabsSharedImage.prl
2026-07-29 23:39:00,784 - aqt.updater - INFO - updater 132375561691264 Patching /home/gui-rocha/trabalho_cleber/Sistema-de-Monitoramento-e-Assist-ncia-ao-combate-Leptospirose/6.8.3/gcc_64/lib/libQt6QuickControls2MaterialStyleImpl.prl
2026-07-29 23:39:00,784 - aqt.updater - INFO - updater 132375561691264 Patching /home/gui-rocha/trabalho_cleber/Sistema-de-Monitoramento-e-Assist-ncia-ao-combate-Leptospirose/6.8.3/gcc_64/lib/libQt6EglFsKmsSupport.prl
2026-07-29 23:39:00,784 - aqt.updater - INFO - updater 132375561691264 Patching /home/gui-rocha/trabalho_cleber/Sistema-de-Monitoramento-e-Assist-ncia-ao-combate-Leptospirose/6.8.3/gcc_64/lib/libQt6WlShellIntegration.prl
2026-07-29 23:39:00,786 - aqt.updater - INFO - updater 132375561691264 Patching /home/gui-rocha/trabalho_cleber/Sistema-de-Monitoramento-e-Assist-ncia-ao-combate-Leptospirose/6.8.3/gcc_64/lib/libQt6QmlDebug.prl
2026-07-29 23:39:00,786 - aqt.updater - INFO - updater 132375561691264 Patching /home/gui-rocha/trabalho_cleber/Sistema-de-Monitoramento-e-Assist-ncia-ao-combate-Leptospirose/6.8.3/gcc_64/lib/libQt6Quick.prl
2026-07-29 23:39:00,786 - aqt.updater - INFO - updater 132375561691264 Patching /home/gui-rocha/trabalho_cleber/Sistema-de-Monitoramento-e-Assist-ncia-ao-combate-Leptospirose/6.8.3/gcc_64/lib/libQt6LabsQmlModels.prl
2026-07-29 23:39:00,786 - aqt.updater - INFO - updater 132375561691264 Patching /home/gui-rocha/trabalho_cleber/Sistema-de-Monitoramento-e-Assist-ncia-ao-combate-Leptospirose/6.8.3/gcc_64/lib/libQt6InputSupport.prl
2026-07-29 23:39:00,787 - aqt.updater - INFO - updater 132375561691264 Patching /home/gui-rocha/trabalho_cleber/Sistema-de-Monitoramento-e-Assist-ncia-ao-combate-Leptospirose/6.8.3/gcc_64/lib/libQt6EglFSDeviceIntegration.prl
2026-07-29 23:39:00,787 - aqt.updater - INFO - updater 132375561691264 Patching /home/gui-rocha/trabalho_cleber/Sistema-de-Monitoramento-e-Assist-ncia-ao-combate-Leptospirose/6.8.3/gcc_64/lib/libQt6QuickDialogs2Utils.prl
2026-07-29 23:39:00,788 - aqt.updater - INFO - updater 132375561691264 Patching /home/gui-rocha/trabalho_cleber/Sistema-de-Monitoramento-e-Assist-ncia-ao-combate-Leptospirose/6.8.3/gcc_64/lib/libQt6QmlCore.prl
2026-07-29 23:39:00,788 - aqt.updater - INFO - updater 132375561691264 Patching /home/gui-rocha/trabalho_cleber/Sistema-de-Monitoramento-e-Assist-ncia-ao-combate-Leptospirose/6.8.3/gcc_64/lib/libQt6QmlTypeRegistrar.prl
2026-07-29 23:39:00,788 - aqt.updater - INFO - updater 132375561691264 Patching /home/gui-rocha/trabalho_cleber/Sistema-de-Monitoramento-e-Assist-ncia-ao-combate-Leptospirose/6.8.3/gcc_64/lib/libQt6QuickControls2FusionStyleImpl.prl
2026-07-29 23:39:00,788 - aqt.updater - INFO - updater 132375561691264 Patching /home/gui-rocha/trabalho_cleber/Sistema-de-Monitoramento-e-Assist-ncia-ao-combate-Leptospirose/6.8.3/gcc_64/lib/libQt6Svg.prl
2026-07-29 23:39:00,789 - aqt.updater - INFO - updater 132375561691264 Patching /home/gui-rocha/trabalho_cleber/Sistema-de-Monitoramento-e-Assist-ncia-ao-combate-Leptospirose/6.8.3/gcc_64/lib/libQt6EglFsKmsGbmSupport.prl
2026-07-29 23:39:00,791 - aqt.updater - INFO - updater 132375561691264 Patching /home/gui-rocha/trabalho_cleber/Sistema-de-Monitoramento-e-Assist-ncia-ao-combate-Leptospirose/6.8.3/gcc_64/lib/libQt6QmlCompiler.prl
2026-07-29 23:39:00,791 - aqt.updater - INFO - updater 132375561691264 Patching /home/gui-rocha/trabalho_cleber/Sistema-de-Monitoramento-e-Assist-ncia-ao-combate-Leptospirose/6.8.3/gcc_64/lib/libQt6QuickControls2UniversalStyleImpl.prl
2026-07-29 23:39:00,792 - aqt.updater - INFO - updater 132375561691264 Patching /home/gui-rocha/trabalho_cleber/Sistema-de-Monitoramento-e-Assist-ncia-ao-combate-Leptospirose/6.8.3/gcc_64/lib/libQt6Core.prl
2026-07-29 23:39:00,792 - aqt.updater - INFO - updater 132375561691264 Patching /home/gui-rocha/trabalho_cleber/Sistema-de-Monitoramento-e-Assist-ncia-ao-combate-Leptospirose/6.8.3/gcc_64/lib/libQt6QuickVectorImageGenerator.prl
2026-07-29 23:39:00,793 - aqt.updater - INFO - updater 132375561691264 Patching /home/gui-rocha/trabalho_cleber/Sistema-de-Monitoramento-e-Assist-ncia-ao-combate-Leptospirose/6.8.3/gcc_64/lib/libQt6QmlDom.prl
2026-07-29 23:39:00,793 - aqt.updater - INFO - updater 132375561691264 Patching /home/gui-rocha/trabalho_cleber/Sistema-de-Monitoramento-e-Assist-ncia-ao-combate-Leptospirose/6.8.3/gcc_64/lib/libQt6Sql.prl
2026-07-29 23:39:00,794 - aqt.updater - INFO - updater 132375561691264 Patching /home/gui-rocha/trabalho_cleber/Sistema-de-Monitoramento-e-Assist-ncia-ao-combate-Leptospirose/6.8.3/gcc_64/lib/libQt6QmlNetwork.prl
2026-07-29 23:39:00,794 - aqt.updater - INFO - updater 132375561691264 Patching /home/gui-rocha/trabalho_cleber/Sistema-de-Monitoramento-e-Assist-ncia-ao-combate-Leptospirose/6.8.3/gcc_64/lib/libQt6QuickEffects.prl
2026-07-29 23:39:00,794 - aqt.updater - INFO - updater 132375561691264 Patching /home/gui-rocha/trabalho_cleber/Sistema-de-Monitoramento-e-Assist-ncia-ao-combate-Leptospirose/6.8.3/gcc_64/lib/libQt6Help.prl
2026-07-29 23:39:00,795 - aqt.updater - INFO - updater 132375561691264 Patching /home/gui-rocha/trabalho_cleber/Sistema-de-Monitoramento-e-Assist-ncia-ao-combate-Leptospirose/6.8.3/gcc_64/lib/libQt6WaylandClient.prl
2026-07-29 23:39:00,796 - aqt.updater - INFO - updater 132375561691264 Patching /home/gui-rocha/trabalho_cleber/Sistema-de-Monitoramento-e-Assist-ncia-ao-combate-Leptospirose/6.8.3/gcc_64/lib/libQt6QuickControls2Material.prl
2026-07-29 23:39:00,796 - aqt.updater - INFO - updater 132375561691264 Patching /home/gui-rocha/trabalho_cleber/Sistema-de-Monitoramento-e-Assist-ncia-ao-combate-Leptospirose/6.8.3/gcc_64/lib/libQt6QuickControls2.prl
2026-07-29 23:39:00,796 - aqt.updater - INFO - updater 132375561691264 Patching /home/gui-rocha/trabalho_cleber/Sistema-de-Monitoramento-e-Assist-ncia-ao-combate-Leptospirose/6.8.3/gcc_64/lib/libQt6FbSupport.prl
2026-07-29 23:39:00,797 - aqt.updater - INFO - updater 132375561691264 Patching /home/gui-rocha/trabalho_cleber/Sistema-de-Monitoramento-e-Assist-ncia-ao-combate-Leptospirose/6.8.3/gcc_64/lib/libQt6OpenGL.prl
2026-07-29 23:39:00,798 - aqt.main - INFO - installer 132375561691264 Finished installation
2026-07-29 23:39:00,798 - aqt.main - INFO - installer 132375561691264 Time elapsed: 157.72267834 second
